--- TESTING C ENGINE ---
Compiling [C] code...
C Engine OK. Quads: 3
\n--- TESTING CPP ENGINE ---
Compiling [CPP] code...
CPP Engine OK. Quads: 7
\n--- TESTING PYTHON ENGINE ---
Compiling [PYTHON] code...
Python Engine OK. Quads: 15
